// Jest Snapshot v1, https://goo.gl/fbAQLP

exports[`events_macro useGameEvent 1`] = `
""use strict";

var _solidJs = require("solid-js");
function Item() {
  let [enabled] = createSignal(false);
  (0, _solidJs.createEffect)(() => {
    const id = GameEvents.Subscribe("custom_event", data => {
      console.log('Item', enabled());
    });
    return () => {
      GameEvents.Unsubscribe(id);
    };
  }, enabled());
}
function App() {
  (0, _solidJs.createEffect)(() => {
    const id = GameEvents.Subscribe("custom_event", data => {
      console.log(data);
    });
    return () => {
      GameEvents.Unsubscribe(id);
    };
  });
}"
`;

exports[`events_macro useNetTable 1`] = `
""use strict";

var _solidJs = require("solid-js");
function Item() {
  const [A, _setA] = (0, _solidJs.createSignal)(null);
  const [B, _setB] = (0, _solidJs.createSignal)(null);
  const [BB, _setBB] = (0, _solidJs.createSignal)(null);
  (0, _solidJs.createEffect)(() => {
    const id = CustomNetTables.SubscribeNetTableListener("table_a", function (_, k, v) {
      if (k === "key_of_one") {
        _setA(v);
      }
    });
    return () => {
      CustomNetTables.UnsubscribeNetTableListener(id);
    };
  });
  (0, _solidJs.createEffect)(() => {
    const id = CustomNetTables.SubscribeNetTableListener("table_b", function (_, k, v) {
      if (k === "key_of_two") {
        _setB(v);
      } else if (k === "key_of_bb") {
        _setBB(v);
      }
    });
    return () => {
      CustomNetTables.UnsubscribeNetTableListener(id);
    };
  });
}
function App() {
  const [one, _setOne] = (0, _solidJs.createSignal)(null);
  const [two, _setTwo] = (0, _solidJs.createSignal)(null);
  const [three, _setThree] = (0, _solidJs.createSignal)(null);
  (0, _solidJs.createEffect)(() => {
    const id = CustomNetTables.SubscribeNetTableListener("table_name", function (_, k, v) {
      if (k === "key_of_one") {
        _setOne(v);
      } else if (k === "key_of_two") {
        _setTwo(v);
      } else if (k === "key_of_three") {
        _setThree(v);
      }
    });
    return () => {
      CustomNetTables.UnsubscribeNetTableListener(id);
    };
  });
  return <Label text={JSON.stringify(one())} />;
}
function Root() {
  const [one, _setOne3] = (0, _solidJs.createSignal)(null);
  const [two, setTwo] = createSignal("");
  const [one2, _setOne2] = createSignal("");
  (0, _solidJs.createEffect)(() => {
    const id = CustomNetTables.SubscribeNetTableListener("table_name", function (_, k, v) {
      if (k === "key_of_one") {
        _setOne3(v);
      }
    });
    return () => {
      CustomNetTables.UnsubscribeNetTableListener(id);
    };
  });
  return <Label text={JSON.stringify(one())} />;
  function test() {
    return 0;
  }
}"
`;
