// Jest Snapshot v1, https://goo.gl/fbAQLP

exports[`scss_macro pick scss 1`] = `
""use strict";

const ButtonStyle = "styled-f06d058f";
const ButtonStyle2 = "styled-edcd3409";
const obj = {
  y: ""
};
obj.x = "";
function Hi() {
  const ButtonStyle = "styled-4a17711f";
}"
`;

exports[`scss_macro pick scss 2`] = `undefined`;

exports[`scss_macro pick scss 3`] = `{}`;
